CollectionName	RestrictionName	RestrictionDefault	RestrictionNumber
String	String	String	Int32
Columns	Catalog	TABLE_CATALOG	1
Columns	Owner	TABLE_SCHEMA	2
Columns	Table	TABLE_NAME	3
Columns	Column	COLUMN_NAME	4
Tables	Catalog	TABLE_CATALOG	1
Tables	Owner	TABLE_SCHEMA	2
Tables	Table	TABLE_NAME	3
Tables	TableType	TABLE_TYPE	4
Views	Catalog	TABLE_CATALOG	1
Views	Owner	TABLE_SCHEMA	2
Views	Table	TABLE_NAME	3
